\BOOKMARK [1][-]{section.1}{\376\377\116\000\060\001\225\356\230\230\221\315\217\360}{}% 1
\BOOKMARK [2][-]{subsection.1.1}{\376\377\0001\000.\0001\000\040\225\356\230\230\200\314\146\157}{section.1}% 2
\BOOKMARK [2][-]{subsection.1.2}{\376\377\0001\000.\0002\000\040\230\230\166\356\211\201\154\102\116\016\116\373\122\241\122\006\211\343}{section.1}% 3
\BOOKMARK [1][-]{section.2}{\376\377\116\214\060\001\225\356\230\230\122\006\147\220}{}% 4
\BOOKMARK [2][-]{subsection.2.1}{\376\377\0002\000.\0001\000\040\145\160\143\156\143\242\175\042\116\016\162\171\137\201\122\126\147\220}{section.2}% 5
\BOOKMARK [2][-]{subsection.2.2}{\376\377\0002\000.\0002\000\040\126\333\131\047\133\120\225\356\230\230\166\204\220\073\217\221\220\022\217\333\121\163\174\373}{section.2}% 6
\BOOKMARK [1][-]{section.3}{\376\377\116\011\060\001\152\041\127\213\120\107\213\276}{}% 7
\BOOKMARK [1][-]{section.4}{\376\377\126\333\060\001\173\046\123\367\213\364\146\016}{}% 8
\BOOKMARK [1][-]{section.5}{\376\377\116\224\060\001\152\041\127\213\166\204\136\372\172\313\116\016\154\102\211\343}{}% 9
\BOOKMARK [2][-]{subsection.5.1}{\376\377\0005\000.\0001\000\040\225\356\230\230\000\040\0001\377\032\221\315\160\271\162\151\145\231\173\133\220\011\116\016\124\150\227\000\154\102\230\204\155\113\152\041\127\213}{section.5}% 10
\BOOKMARK [3][-]{subsubsection.5.1.1}{\376\377\0005\000.\0001\000.\0001\000\040\131\032\176\364\213\304\116\367\143\007\150\007\147\204\136\372\116\016\000\040\000A\000B\000C\000-\000X\000Y\000Z\000\040\122\006\174\173}{subsection.5.1}% 11
\BOOKMARK [3][-]{subsubsection.5.1.2}{\376\377\0005\000.\0001\000.\0002\000\040\161\265\147\103\000\040\000T\000O\000P\000S\000I\000S\000\040\176\374\124\010\213\304\116\367\117\030\220\011\152\041\127\213}{subsection.5.1}% 12
\BOOKMARK [3][-]{subsubsection.5.1.3}{\376\377\0005\000.\0001\000.\0003\000\040\124\150\227\000\154\102\230\204\155\113\152\041\127\213\116\016\156\332\122\250\126\336\155\113\213\304\117\060}{subsection.5.1}% 13
\BOOKMARK [2][-]{subsection.5.2}{\376\377\0005\000.\0002\000\040\225\356\230\230\000\040\0002\377\032\143\320\122\115\147\037\000\040\000L\000=\0001\000\040\166\204\156\332\122\250\165\037\116\247\143\222\116\247\152\041\127\213}{section.5}% 14
\BOOKMARK [3][-]{subsubsection.5.2.1}{\376\377\0005\000.\0002\000.\0001\000\040\174\373\176\337\122\250\122\233\133\146\162\266\140\001\217\154\171\373\145\271\172\013}{subsection.5.2}% 15
\BOOKMARK [3][-]{subsubsection.5.2.2}{\376\377\0005\000.\0002\000.\0002\000\040\127\372\116\216\230\204\155\113\147\037\147\033\116\016\122\250\140\001\133\211\121\150\136\223\133\130\166\204\143\222\116\247\121\263\173\126\173\227\154\325}{subsection.5.2}% 16
\BOOKMARK [3][-]{subsubsection.5.2.3}{\376\377\0005\000.\0002\000.\0003\000\040\154\102\211\343\176\323\147\234\116\016\210\150\150\074\124\110\163\260}{subsection.5.2}% 17
\BOOKMARK [2][-]{subsection.5.3}{\376\377\0005\000.\0003\000\040\225\356\230\230\000\040\0003\377\032\215\104\221\321\123\140\165\050\116\016\147\015\122\241\154\064\136\163\000\040\000P\000a\000r\000e\000t\000o\000\040\131\032\166\356\150\007\147\103\210\141\117\030\123\026}{section.5}% 18
\BOOKMARK [3][-]{subsubsection.5.3.1}{\376\377\0005\000.\0003\000.\0001\000\040\131\032\166\356\150\007\142\020\147\054\121\375\145\160\136\372\152\041}{subsection.5.3}% 19
\BOOKMARK [3][-]{subsubsection.5.3.2}{\376\377\0005\000.\0003\000.\0002\000\040\122\250\140\001\000\040\000\050\000s\000,\000\040\000S\000\051\000\040\213\242\215\047\160\271\214\003\145\164\173\126\165\145\116\016\000\040\000P\000a\000r\000e\000t\000o\000\040\144\034\175\042}{subsection.5.3}% 20
\BOOKMARK [2][-]{subsection.5.4}{\376\377\0005\000.\0004\000\040\225\356\230\230\000\040\0004\377\032\143\320\122\115\147\037\000\040\000L\000=\000k\000\040\000\134\000g\000e\000\040\0002\000\040\166\204\220\032\165\050\131\032\153\145\136\366\217\337\143\222\116\247\116\016\143\250\136\177}{section.5}% 21
\BOOKMARK [3][-]{subsubsection.5.4.1}{\376\377\0005\000.\0004\000.\0001\000\040\173\241\220\123\127\050\220\024\136\223\133\130\377\010\000P\000i\000p\000e\000l\000i\000n\000e\000\040\000I\000n\000v\000e\000n\000t\000o\000r\000y\377\011\162\266\140\001\217\154\171\373\145\271\172\013}{subsection.5.4}% 22
\BOOKMARK [3][-]{subsubsection.5.4.2}{\376\377\0005\000.\0004\000.\0002\000\040\131\032\153\145\215\205\122\115\175\057\171\357\227\000\154\102\210\145\120\177\143\247\122\066\137\213}{subsection.5.4}% 23
\BOOKMARK [3][-]{subsubsection.5.4.3}{\376\377\0005\000.\0004\000.\0003\000\040\000L\000=\0002\000\040\213\241\173\227\176\323\147\234\116\016\131\032\143\320\122\115\147\037\131\026\143\250\143\250\136\177}{subsection.5.4}% 24
\BOOKMARK [1][-]{section.6}{\376\377\121\155\060\001\160\165\145\117\136\246\122\006\147\220\116\016\172\063\120\145\140\047\150\300\232\214}{}% 25
\BOOKMARK [2][-]{subsection.6.1}{\376\377\0006\000.\0001\000\040\133\211\121\150\136\223\133\130\214\003\202\202\174\373\145\160\000\040\000z\000\040\166\204\121\150\134\100\160\165\145\117\136\246\122\006\147\220}{section.6}% 26
\BOOKMARK [2][-]{subsection.6.2}{\376\377\0006\000.\0002\000\040\172\201\123\321\227\000\154\102\201\011\121\262\121\262\121\373\116\016\174\373\176\337\172\063\120\145\140\047\377\010\000S\000t\000r\000e\000s\000s\000\040\000T\000e\000s\000t\000i\000n\000g\377\011}{section.6}% 27
\BOOKMARK [1][-]{section.7}{\376\377\116\003\060\001\152\041\127\213\213\304\116\367\116\016\143\250\136\177}{}% 28
\BOOKMARK [2][-]{subsection.7.1}{\376\377\0007\000.\0001\000\040\152\041\127\213\166\204\117\030\177\072\160\271}{section.7}% 29
\BOOKMARK [3][-]{subsubsection.7.1.1}{\376\377\0007\000.\0001\000.\0001\000\040\150\070\137\303\117\030\122\277\116\016\122\033\145\260\160\271}{subsection.7.1}% 30
\BOOKMARK [3][-]{subsubsection.7.1.2}{\376\377\0007\000.\0001\000.\0002\000\040\134\100\226\120\140\047\116\016\145\071\217\333\172\172\225\364}{subsection.7.1}% 31
\BOOKMARK [2][-]{subsection.7.2}{\376\377\0007\000.\0002\000\040\152\041\127\213\166\204\133\236\226\105\135\345\172\013\143\250\136\177}{section.7}% 32
\BOOKMARK [1][-]{section.8}{\376\377\121\153\060\001\123\302\200\003\145\207\163\056}{}% 33
\BOOKMARK [1][-]{appendix.A}{\376\377\226\104\137\125\377\032\150\070\137\303\173\227\154\325\154\102\211\343\116\343\170\001}{}% 34
